# Feed begin ######################
# Item begin ######################
id: #hash:0633eb2a51fcc7452873819d702153b6#
content: #<div xmlns="derp" :base="file:///derp"/>#
# Item end ########################
# Item begin ######################
id: #hash:0633eb2a51fcc7452873819d702153b6#
content: #<div xmlns="derp" :base="file:///derp"/>#
# Item end ########################
# Feed end ########################

