# Feed begin ######################
title: #The Information Soldier#
link: #http://afreytes.blogspot.com/index.html#
# Person begin ####################
name: #afreytes#
uri: #http://afreytes.blogspot.com#
email: #afreytes@gmail.com#
# Person end ######################
# Feed end ########################

