# Feed begin ######################
# Item begin ######################
id: #hash:2f74e30cc6f88289000622edd20262bc#
content: #<div xmlns="derp" :base="derp"/>#
# Item end ########################
# Item begin ######################
id: #hash:2f74e30cc6f88289000622edd20262bc#
content: #<div xmlns="derp" :base="derp"/>#
# Item end ########################
# Feed end ########################

